# MySQL支持的日志

## **日志类型**

MySQL有不同类型的日志文件，用来存储不同类型的日志，分为 二进制日志 、 错误日志 、 通用查询日志和 慢查询日志 ，这也是常用的4种。MySQL 8又新增两种支持的日志： 中继日志 和 数据定义语句日志 。使用这些日志文件，可以查看MySQL内部发生的事情。

这6类日志分别为：
慢查询日志：记录所有执行时间超过long_query_time的所有查询，方便我们对查询进行优化。
通用查询日志：记录所有连接的起始时间和终止时间，以及连接发送给数据库服务器的所有指令，对我们复原操作的实际场景、发现问题，甚至是对数据库操作的审计都有很大的帮助。
错误日志：记录MySQL服务的启动、运行或停止MySQL服务时出现的问题，方便我们了解服务器的状态，从而对服务器进行维护。
二进制日志：记录所有更改数据的语句，可以用于主从服务器之间的数据同步，以及服务器遇到故障时数据的无损失恢复。
中继日志：用于主从服务器架构中，从服务器用来存放主服务器二进制日志内容的一个中间文件。从服务器通过读取中继日志的内容，来同步主服务器上的操作。

数据定义语句日志：记录数据定义语句执行的元数据操作。

除二进制日志外，其他日志都是 文本文件 。默认情况下，所有日志创建于 MySQL数据目录 中。

## **日志的弊端**

日志功能会 降低MySQL数据库的性能 。

日志会 占用大量的磁盘空间 。

# 慢查询日志(slow query log)

# 通用查询日志(general query log)

通用查询日志用来 记录用户的所有操作 ，包括启动和关闭MySQL服务、所有用户的连接开始时间和截止时间、发给 MySQL 数据库服务器的所有 SQL 指令等。当我们的数据发生异常时，**查看通用查询日志，****还原操作时的具体场景**，可以帮助我们准确定位问题。

## **问题场景**

在电商系统中,购买商品并且使用微信支付完成以后,却发现支付中心的记录并没有新增,此时用户再次使用支付宝支付,就会出现重复支付的问题。但是当去数据库中查询数据的时候,会发现只有一条记录存在。那么此时给到的现象就是只有一条支付记录，但是用户却支付了两次。

我们对系统进行了仔细检查，没有发现数据问题，因为用户编号和订单编号以及第三方流水号都是对的。可是用户确实支付了两次,这个时候,我们想到了检查通用查询日志,看看当天到底发生了什么。

查看之后,发现: 1月1日下午2点,用户使用微信支付完以后,但是由于网络故障,1支付中心没有及时收到微信支付的回调通知,导致当时没有写入数据。1月1日下午2点30,用户又使用支付宝支付,此时记录更新到支付中心。1月1日晚上9点,微信的回调通知过来了,但是支付中心已经存在了支付宝的记录,所以只能覆盖记录了。

由于网络的原因导致了重复支付。至于解决问题的方案就很多了，这里省略。

可以看到通用查询日志可以帮助我们了解操作发生的具体时间和操作的细节,对找出异常发生的原因极其关键。

## **查看当前状态**

```sql
mysql> SHOW VARIABLES LIKE '%general%';
+------------------+------------------------------+
| Variable_name | Value |
+------------------+------------------------------+
| general_log | OFF | #通用查询日志处于关闭状态
| general_log_file | /var/lib/mysql/atguigu01.log | #通用查询日志文件的名称是atguigu01.log
+------------------+------------------------------+
2 rows in set (0.03 sec)
```

 mysql说明1：系统变量 general_log 的值是 OFF，即通用查询日志处于关闭状态。在 MySQL 中，这个参数的默认值是关闭的。因为一旦开启记录通用查询日志, MySQL会记录所有的连接起止和相关的SQL操作,这样会消耗系统资源并且占用磁盘空间。我们可以通过手动修改变量的值,在需要的时候开启日志。

说明2:通用查询日志文件的名称是atguigu01.log。存储路径是/var/lib/mysql/,默认也是数据路径。这样我们就知道在哪里可以查看通用查询日志的内容了。

## **启动日志**

方式1：永久性方式

修改my.cnf或者my.ini配置文件来设置。在[mysqld]组下加入log选项，并重启MySQL服务。格式如下：

```shell
[mysqld]
general_log=ON
general_log_file=[path[filename]] #日志文件所在目录路径，filename为日志文件名
```

如果不指定目录和文件名，通用查询日志将默认存储在MySQL数据目录中的hostname.log文件中，hostname表示主机名。

方式2：临时性方式

```
SET GLOBAL general_log=on; # 开启通用查询日志
SET GLOBAL general_log_file=’path/filename’; # 设置日志文件保存位置
```

对应的，关闭操作SQL命令如下：

```
SET GLOBAL general_log=off; # 关闭通用查询日志
```

查看设置后情况：

```sql
SHOW VARIABLES LIKE 'general_log%';
```

## **查看日志**

通用查询日志是以 文本文件 的形式存储在文件系统中的，可以使用 文本编辑器 直接打开日志文件。每台MySQL服务器的通用查询日志内容是不同的。

在Windows操作系统中，使用文本文件查看器；

在Linux系统中，可以使用vi工具或者gedit工具查看；

在Mac OSX系统中，可以使用文本文件查看器或者vi等工具查看。

从 SHOW VARIABLES LIKE 'general_log%'; 结果中可以看到通用查询日志的位置。

```
/usr/sbin/mysqld, Version: 8.0.26 (MySQL Community Server - GPL). started with:
Tcp port: 3306 Unix socket: /var/lib/mysql/mysql.sock
Time Id Command Argument
2022-01-04T07:44:58.052890Z 10 Query SHOW VARIABLES LIKE '%general%'
2022-01-04T07:45:15.666672Z 10 Query SHOW VARIABLES LIKE 'general_log%'
2022-01-04T07:45:28.970765Z 10 Query select * from student
2022-01-04T07:47:38.706804Z 11 Connect root@localhost on using Socket
2022-01-04T07:47:38.707435Z 11 Query select @@version_comment limit 1
2022-01-04T07:48:21.384886Z 12 Connect root@172.16.210.1 on using TCP/IP
2022-01-04T07:48:21.385253Z 12 Query SET NAMES utf8
2022-01-04T07:48:21.385640Z 12 Query USE `atguigu12`
2022-01-04T07:48:21.386179Z 12 Query SHOW FULL TABLES WHERE Table_Type !=
'VIEW'
2022-01-04T07:48:23.901778Z 13 Connect root@172.16.210.1 on using TCP/IP
2022-01-04T07:48:23.902128Z 13 Query SET NAMES utf8
2022-01-04T07:48:23.905179Z 13 Query USE `atguigu`
2022-01-04T07:48:23.905825Z 13 Query SHOW FULL TABLES WHERE Table_Type !=
'VIEW'
2022-01-04T07:48:32.163833Z 14 Connect root@172.16.210.1 on using TCP/IP
2022-01-04T07:48:32.164451Z 14 Query SET NAMES utf8
2022-01-04T07:48:32.164840Z 14 Query USE `atguigu`
2022-01-04T07:48:40.006687Z 14 Query select * from account
```

在通用查询日志里面，我们可以清楚地看到，什么时候开启了新的客户端登陆数据库，登录之后做了什么 SQL 操作，针对的是哪个数据表等信息。

## **停止日志**

方式1：永久性方式

修改 my.cnf 或者 my.ini 文件，把[mysqld]组下的 general_log 值设置为 OFF 或者把general_log一项注释掉。修改保存后，再 重启MySQL服务 ，即可生效。 举例1：

```shell
[mysqld]
general_log=OFF
#或者
#general_log=ON
```

方式2：临时性方式

使用SET语句停止MySQL通用查询日志功能：

```
SET GLOBAL general_log=off;
```

查询通用日志功能：

```
SHOW VARIABLES LIKE 'general_log%';
```

## 删除\刷新日志

如果数据的使用非常频繁，那么通用查询日志会占用服务器非常大的磁盘空间。数据管理员可以删除很长时间之前的查询日志，以保证MySQL服务器上的硬盘空间。

**手动删除文件**

```
SHOW VARIABLES LIKE 'general_log%';
```

可以看出，通用查询日志的目录默认为MySQL数据目录。在该目录下手动删除通用查询日志atguigu01.log。

使用如下命令重新生成查询日志文件，具体命令如下。刷新MySQL数据目录，发现创建了新的日志文件。前提一定要开启通用日志。

```
mysqladmin -uroot -p flush-logs
```

# 错误日志(error log)

## **启动日志**

在MySQL数据库中，错误日志功能是 默认开启 的。而且，错误日志 无法被禁止 。

默认情况下，错误日志存储在MySQL数据库的数据文件夹下，名称默认为 mysqld.log （Linux系统）或hostname.err （mac系统）。如果需要制定文件名，则需要在my.cnf或者my.ini中做如下配置：

```
[mysqld]
log-error=[path/[filename]] #path为日志文件所在的目录路径，filename为日志文件名
```

修改配置项后，需要重启MySQL服务以生效。

## **查看日志**

MySQL错误日志是以文本文件形式存储的，可以使用文本编辑器直接查看。

查询错误日志的存储路径：

```sql
mysql> SHOW VARIABLES LIKE 'log_err%';
+----------------------------+----------------------------------------+
| Variable_name | Value |
+----------------------------+----------------------------------------+
| log_error | /var/log/mysqld.log |
| log_error_services | log_filter_internal; log_sink_internal |
| log_error_suppression_list | |
| log_error_verbosity | 2 |
+----------------------------+----------------------------------------+
4 rows in set (0.01 sec)
```

执行结果中可以看到错误日志文件是mysqld.log，位于MySQL默认的数据目录下。

## 删除\刷新日志

对于很久以前的错误日志，数据库管理员查看这些错误日志的可能性不大，可以将这些错误日志删除，以保证MySQL服务器上的 硬盘空间 。MySQL的错误日志是以文本文件的形式存储在文件系统中的，可以直接删除 。

```shell
[root@atguigu01 log]# mysqladmin -uroot -p flush-logs
Enter password:
mysqladmin: refresh failed; error: 'Could not open file '/var/log/mysqld.log' for
error logging.'
```

# 二进制日志(bin log)

binlog可以说是MySQL中比较 重要 的日志了，在日常开发及运维过程中，经常会遇到。

binlog即binary log，二进制日志文件，也叫作变更日志（update log）。它记录了数据库所有执行的DDL 和 DML 等数据库更新事件的语句，但是不包含没有修改任何数据的语句（如数据查询语句select、show等）。

binlog主要应用场景：

一是用于 数据恢复

二是用于 数据复制

![image-20240618153755535](https://gitee.com/dongguo4812_admin/image/raw/master/image/202406191345233.png)

## **查看默认情况**

查看记录二进制日志是否开启：在MySQL8中默认情况下，二进制文件是开启的。

```sql
mysql> show variables like '%log_bin%';
+---------------------------------+----------------------------------+
| Variable_name | Value |
+---------------------------------+----------------------------------+
| log_bin | ON |
| log_bin_basename | /var/lib/mysql/binlog |
| log_bin_index | /var/lib/mysql/binlog.index |
| log_bin_trust_function_creators | OFF |
| log_bin_use_v1_row_events | OFF |
| sql_log_bin | ON |
+---------------------------------+----------------------------------+
6 rows in set (0.00 sec)
```

 

## **日志参数设置**

方式1：永久性方式

修改MySQL的 my.cnf 或 my.ini 文件可以设置二进制日志的相关参数：

```shell
[mysqld]
#启用二进制日志
log-bin=atguigu-bin
binlog_expire_logs_seconds=600
max_binlog_size=100M
```

重新启动MySQL服务，查询二进制日志的信息，执行结果：

```sql
mysql> show variables like '%log_bin%';
+---------------------------------+----------------------------------+
| Variable_name | Value |
+---------------------------------+----------------------------------+
| log_bin | ON |
| log_bin_basename | /var/lib/mysql/atguigu-bin |
| log_bin_index | /var/lib/mysql/atguigu-bin.index |
| log_bin_trust_function_creators | OFF |
| log_bin_use_v1_row_events | OFF |
| sql_log_bin | ON |
+---------------------------------+----------------------------------+
6 rows in set (0.00 sec)
```

设置带文件夹的bin-log日志存放目录

如果想改变日志文件的目录和名称，可以对my.cnf或my.ini中的log_bin参数修改如下：

```shell
[mysqld]
log-bin="/var/lib/mysql/binlog/atguigu-bin"
```

注意：新建的文件夹需要使用mysql用户，使用下面的命令即可。

```
chown -R -v mysql:mysql binlog
```

方式2：临时性方式

如果不希望通过修改配置文件并重启的方式设置二进制日志的话，还可以使用如下指令，需要注意的是在mysql8中只有 会话级别 的设置，没有了global级别的设置。

```sql
# global 级别
mysql> set global sql_log_bin=0;
ERROR 1228 (HY000): Variable 'sql_log_bin' is a SESSION variable and can`t be used
with SET GLOBAL
# session级别
mysql> SET sql_log_bin=0;
Query OK, 0 rows affected (0.01 秒)
```

## **查看日志**

当MySQL创建二进制日志文件时，先创建一个以“filename”为名称、以“.index”为后缀的文件，再创建一个以“filename”为名称、以“.000001”为后缀的文件。

MySQL服务 重新启动一次 ，以“.000001”为后缀的文件就会增加一个，并且后缀名按1递增。即日志文件的个数与MySQL服务启动的次数相同；如果日志长度超过了 max_binlog_size 的上限（默认是1GB），就会创建一个新的日志文件。

查看当前的二进制日志文件列表及大小。指令如下：

```sql
mysql> SHOW BINARY LOGS;
+--------------------+-----------+-----------+
| Log_name | File_size | Encrypted |
+--------------------+-----------+-----------+
| atguigu-bin.000001 | 156 | No |
+--------------------+-----------+-----------+
1 行于数据集 (0.02 秒)
```

